== private install from the unpacked .crate archive (1.85.0) ==
    Finished `release` profile [optimized] target(s) in 44.29s
  Installing /state/cache/scratch/gap003-iso/private-1.85.0/bin/noisemaker-rs
   Installed package `noisemaker-for-rust v0.1.0 (/state/cache/scratch/gap003-iso/noisemaker-for-rust-0.1.0)` (executable `noisemaker-rs`)
warning: be sure to add `/state/cache/scratch/gap003-iso/private-1.85.0/bin` to your PATH to be able to run the installed binaries
INSTALL-EXIT:0
noisemaker-rs 0.1.0
VERSION-EXIT:0
EFFECTS-EXIT:0
205
== packaged examples build + run (1.85.0) ==
   Compiling noisemaker-for-rust v0.1.0 (/state/cache/scratch/gap003-iso/noisemaker-for-rust-0.1.0)
    Finished `dev` profile [unoptimized + debuginfo] target(s) in 23.85s
BUILD-EXAMPLES-EXIT:0
/state/cache/scratch/gap003-iso/example-render_effect-1.85.0.png
RUN-EXAMPLE-1-EXIT:0
/state/cache/scratch/gap003-iso/example-render_dsl-1.85.0.png
RUN-EXAMPLE-2-EXIT:0
GENERATE-EXIT:0
== upgrade: reinstall over the existing private root (1.85.0) ==
    Replaced package `noisemaker-for-rust v0.1.0 (/state/cache/scratch/gap003-iso/noisemaker-for-rust-0.1.0)` with `noisemaker-for-rust v0.1.0 (/state/cache/scratch/gap003-iso/noisemaker-for-rust-0.1.0)` (executable `noisemaker-rs`)
warning: be sure to add `/state/cache/scratch/gap003-iso/private-1.85.0/bin` to your PATH to be able to run the installed binaries
UPGRADE-EXIT:0
noisemaker-rs 0.1.0
POST-UPGRADE-VERSION-EXIT:0
POST-UPGRADE-RENDER-EXIT:0
POST-UPGRADE-RENDER-IDENTICAL
== removal (1.85.0) ==
    Removing /state/cache/scratch/gap003-iso/private-1.85.0/bin/noisemaker-rs
UNINSTALL-EXIT:0
== reinstall after removal (1.85.0) ==
   Installed package `noisemaker-for-rust v0.1.0 (/state/cache/scratch/gap003-iso/noisemaker-for-rust-0.1.0)` (executable `noisemaker-rs`)
warning: be sure to add `/state/cache/scratch/gap003-iso/private-1.85.0/bin` to your PATH to be able to run the installed binaries
REINSTALL-EXIT:0
noisemaker-rs 0.1.0
REINSTALL-VERSION-EXIT:0
