++ cargo +stable check --workspace --all-targets --locked
    Checking cfg-if v1.0.4
    Checking utf8parse v0.2.2
    Checking simd-adler32 v0.3.10
    Checking anstyle-parse v1.0.0
    Checking is_terminal_polyfill v1.70.2
    Checking adler2 v2.0.1
    Checking colorchoice v1.0.5
    Checking typenum v1.20.1
    Checking anstyle-query v1.1.5
    Checking anstyle v1.0.14
    Checking anstream v1.0.0
    Checking miniz_oxide v0.8.9
    Checking generic-array v0.14.7
    Checking crc32fast v1.5.0
    Checking serde_core v1.0.229
    Checking clap_lex v1.1.0
    Checking strsim v0.11.1
    Checking clap_builder v4.6.6
    Checking flate2 v1.1.9
    Checking zmij v1.0.23
    Checking fdeflate v0.3.7
    Checking itoa v1.0.18
    Checking bitflags v2.13.1
    Checking memchr v2.8.3
    Checking png v0.18.1
    Checking serde_json v1.0.151
    Checking thiserror v2.0.20
    Checking serde v1.0.229
    Checking clap v4.6.6
    Checking crypto-common v0.1.7
    Checking block-buffer v0.10.4
    Checking cpufeatures v0.2.17
    Checking digest v0.10.7
    Checking noisemaker-for-rust v0.1.0 (/workspace/repos/noisemaker-for-rust)
    Checking sha2 v0.10.9
    Finished `dev` profile [unoptimized + debuginfo] target(s) in 9.51s
++ echo exit=0
exit=0
