[1/205] classicNoisedeck/bitEffects: max=0 mean=0.0000 over2=0 rust=0.396s js=0.329s
[2/205] classicNoisedeck/caustic: max=0 mean=0.0000 over2=0 rust=0.506s js=0.314s
[3/205] classicNoisedeck/cellNoise: max=0 mean=0.0000 over2=0 rust=0.654s js=0.302s
[4/205] classicNoisedeck/cellRefract: max=0 mean=0.0000 over2=0 rust=0.522s js=0.322s
[5/205] classicNoisedeck/coalesce: max=0 mean=0.0000 over2=0 rust=0.452s js=0.312s
[6/205] classicNoisedeck/colorLab: max=0 mean=0.0000 over2=0 rust=0.409s js=0.303s
[7/205] classicNoisedeck/composite: max=0 mean=0.0000 over2=0 rust=0.399s js=0.297s
[8/205] classicNoisedeck/effects: max=0 mean=0.0000 over2=0 rust=0.397s js=0.288s
[9/205] classicNoisedeck/fractal: max=0 mean=0.0000 over2=0 rust=0.330s js=0.281s
[10/205] classicNoisedeck/glitch: max=0 mean=0.0000 over2=0 rust=0.487s js=0.299s
[11/205] classicNoisedeck/kaleido: max=0 mean=0.0000 over2=0 rust=0.345s js=0.270s
[12/205] classicNoisedeck/lensDistortion: max=0 mean=0.0000 over2=0 rust=0.517s js=0.366s
[13/205] classicNoisedeck/moodscape: max=0 mean=0.0000 over2=0 rust=0.519s js=0.320s
[14/205] classicNoisedeck/noise: max=0 mean=0.0000 over2=0 rust=0.655s js=0.249s
[15/205] classicNoisedeck/noise3d: max=0 mean=0.0000 over2=0 rust=1.850s js=0.575s
[16/205] classicNoisedeck/refract: max=0 mean=0.0000 over2=0 rust=0.390s js=0.294s
[17/205] classicNoisedeck/shapeMixer: max=0 mean=0.0000 over2=0 rust=0.347s js=0.285s
[18/205] classicNoisedeck/shapes: max=0 mean=0.0000 over2=0 rust=0.388s js=0.281s
[19/205] classicNoisedeck/shapes3d: max=0 mean=0.0000 over2=0 rust=0.629s js=0.315s
[20/205] classicNoisedeck/splat: max=0 mean=0.0000 over2=0 rust=0.487s js=0.282s
[21/205] filter/adjust: max=0 mean=0.0000 over2=0 rust=0.326s js=0.386s
[22/205] filter/bloom: max=0 mean=0.0000 over2=0 rust=0.463s js=0.325s
[23/205] filter/blur: max=0 mean=0.0000 over2=0 rust=0.571s js=0.327s
[24/205] filter/bulge: max=0 mean=0.0000 over2=0 rust=0.444s js=0.362s
[25/205] filter/celShading: max=0 mean=0.0000 over2=0 rust=0.480s js=0.327s
[26/205] filter/channel: max=0 mean=0.0000 over2=0 rust=0.339s js=0.275s
[27/205] filter/chroma: max=0 mean=0.0000 over2=0 rust=0.360s js=0.286s
[28/205] filter/chromaticAberration: max=0 mean=0.0000 over2=0 rust=0.304s js=0.232s
[29/205] filter/chrome: max=0 mean=0.0000 over2=0 rust=0.378s js=0.279s
[30/205] filter/clouds: max=0 mean=0.0000 over2=0 rust=0.420s js=0.290s
[31/205] filter/colorReplace: max=0 mean=0.0000 over2=0 rust=0.322s js=0.292s
[32/205] filter/convolutionFeedback: max=0 mean=0.0000 over2=0 rust=0.720s js=0.400s
[33/205] filter/corrupt: max=0 mean=0.0000 over2=0 rust=0.380s js=0.274s
[34/205] filter/craquelure: max=0 mean=0.0000 over2=0 rust=0.458s js=0.345s
[35/205] filter/crt: max=0 mean=0.0000 over2=0 rust=0.547s js=0.353s
[36/205] filter/degauss: max=0 mean=0.0000 over2=0 rust=0.496s js=0.304s
[37/205] filter/deriv: max=0 mean=0.0000 over2=0 rust=0.338s js=0.311s
[38/205] filter/directionalBlur: max=0 mean=0.0000 over2=0 rust=0.374s js=0.279s
[39/205] filter/dither: max=0 mean=0.0000 over2=0 rust=0.335s js=0.292s
[40/205] filter/edge: max=0 mean=0.0000 over2=0 rust=0.393s js=0.307s
[41/205] filter/emboss: max=0 mean=0.0000 over2=0 rust=0.374s js=0.329s
[42/205] filter/extrude: max=0 mean=0.0000 over2=0 rust=0.412s js=0.346s
[43/205] filter/feedback: max=0 mean=0.0000 over2=0 rust=0.517s js=0.321s
[44/205] filter/fibers: unsupported: the JavaScript CLI exposes Ready one-shot overlay generation but no Initial one-shot flag; the Rust parity CLI path intentionally uses Initial semantics
[45/205] filter/flipMirror: max=0 mean=0.0000 over2=0 rust=0.388s js=0.282s
[46/205] filter/fxaa: max=0 mean=0.0000 over2=0 rust=0.388s js=0.304s
[47/205] filter/glowingEdge: max=0 mean=0.0000 over2=0 rust=0.343s js=0.280s
[48/205] filter/glyphMap: max=0 mean=0.0000 over2=0 rust=0.384s js=0.288s
[49/205] filter/grade: max=0 mean=0.0000 over2=0 rust=0.395s js=0.297s
[50/205] filter/grain: max=0 mean=0.0000 over2=0 rust=0.796s js=0.315s
[51/205] filter/grime: max=0 mean=0.0000 over2=0 rust=1.700s js=0.330s
[52/205] filter/halftone: max=0 mean=0.0000 over2=0 rust=0.512s js=0.270s
[53/205] filter/hatch: max=0 mean=0.0000 over2=0 rust=0.348s js=0.252s
[54/205] filter/highPass: max=0 mean=0.0000 over2=0 rust=0.385s js=0.279s
[55/205] filter/historicPalette: max=0 mean=0.0000 over2=0 rust=0.323s js=0.308s
[56/205] filter/invert: max=0 mean=0.0000 over2=0 rust=0.373s js=0.318s
[57/205] filter/lens: max=0 mean=0.0000 over2=0 rust=0.392s js=0.293s
[58/205] filter/lensFlare: max=0 mean=0.0000 over2=0 rust=0.374s js=0.244s
[59/205] filter/lensWarp: max=0 mean=0.0000 over2=0 rust=0.481s js=0.294s
[60/205] filter/lightLeak: max=0 mean=0.0000 over2=0 rust=0.406s js=0.292s
[61/205] filter/lighting: max=0 mean=0.0000 over2=0 rust=0.379s js=0.245s
[62/205] filter/lowPoly: max=0 mean=0.0000 over2=0 rust=0.495s js=0.287s
[63/205] filter/median: max=0 mean=0.0000 over2=0 rust=0.498s js=0.289s
[64/205] filter/morphology: max=0 mean=0.0000 over2=0 rust=0.340s js=0.274s
[65/205] filter/mosaicTiles: max=0 mean=0.0000 over2=0 rust=0.414s js=0.296s
[66/205] filter/motionBlur: max=0 mean=0.0000 over2=0 rust=0.392s js=0.280s
[67/205] filter/normalMap: max=0 mean=0.0000 over2=0 rust=0.343s js=0.266s
[68/205] filter/normalize: max=0 mean=0.0000 over2=0 rust=0.373s js=0.235s
[69/205] filter/octaveWarp: max=0 mean=0.0000 over2=0 rust=0.604s js=0.289s
[70/205] filter/oilPaint: max=0 mean=0.0000 over2=0 rust=0.511s js=0.299s
[71/205] filter/osd: max=0 mean=0.0000 over2=0 rust=0.378s js=0.284s
[72/205] filter/outline: max=0 mean=0.0000 over2=0 rust=0.344s js=0.268s
[73/205] filter/palette: max=0 mean=0.0000 over2=0 rust=0.327s js=0.270s
[74/205] filter/parallax: max=0 mean=0.0000 over2=0 rust=0.338s js=0.284s
[75/205] filter/patchwork: max=0 mean=0.0000 over2=0 rust=0.373s js=0.234s
[76/205] filter/photocopy: max=0 mean=0.0000 over2=0 rust=0.369s js=0.240s
[77/205] filter/pinch: max=0 mean=0.0000 over2=0 rust=0.331s js=0.296s
[78/205] filter/pixelSort: max=0 mean=0.0000 over2=0 rust=0.377s js=0.295s
[79/205] filter/pixels: max=0 mean=0.0000 over2=0 rust=0.337s js=0.276s
[80/205] filter/plasticWrap: max=0 mean=0.0000 over2=0 rust=0.347s js=0.288s
[81/205] filter/polar: max=0 mean=0.0000 over2=0 rust=0.395s js=0.289s
[82/205] filter/pondRipples: max=0 mean=0.0000 over2=0 rust=0.394s js=0.324s
[83/205] filter/posterize: max=0 mean=0.0000 over2=0 rust=0.392s js=0.285s
[84/205] filter/prismaticAberration: max=0 mean=0.0000 over2=0 rust=0.387s js=0.296s
[85/205] filter/reindex: max=0 mean=0.0000 over2=0 rust=0.344s js=0.294s
[86/205] filter/relief: max=0 mean=0.0000 over2=0 rust=0.449s js=0.324s
[87/205] filter/repeat: max=0 mean=0.0000 over2=0 rust=0.369s js=0.238s
[88/205] filter/reverb: max=0 mean=0.0000 over2=0 rust=0.364s js=0.250s
[89/205] filter/ridge: max=0 mean=0.0000 over2=0 rust=0.372s js=0.292s
[90/205] filter/rotate: max=0 mean=0.0000 over2=0 rust=0.433s js=0.308s
[91/205] filter/scale: max=0 mean=0.0000 over2=0 rust=0.366s js=0.295s
[92/205] filter/scanlineError: max=0 mean=0.0000 over2=0 rust=0.537s js=0.295s
[93/205] filter/scatter: max=0 mean=0.0000 over2=0 rust=0.477s js=0.307s
[94/205] filter/scratches: unsupported: the JavaScript CLI exposes Ready one-shot overlay generation but no Initial one-shot flag; the Rust parity CLI path intentionally uses Initial semantics
[95/205] filter/scroll: max=0 mean=0.0000 over2=0 rust=0.369s js=0.234s
[96/205] filter/seamless: max=0 mean=0.0000 over2=0 rust=0.368s js=0.241s
[97/205] filter/sharpen: max=0 mean=0.0000 over2=0 rust=0.341s js=0.292s
[98/205] filter/simpleAberration: max=0 mean=0.0000 over2=0 rust=0.330s js=0.267s
[99/205] filter/sine: max=0 mean=0.0000 over2=0 rust=0.387s js=0.297s
[100/205] filter/skew: max=0 mean=0.0000 over2=0 rust=0.332s js=0.291s
[101/205] filter/smooth: max=0 mean=0.0000 over2=0 rust=0.395s js=0.307s
[102/205] filter/smoothstep: max=0 mean=0.0000 over2=0 rust=0.393s js=0.313s
[103/205] filter/snow: max=0 mean=0.0000 over2=0 rust=0.381s js=0.291s
[104/205] filter/sobel: max=0 mean=0.0000 over2=0 rust=0.386s js=0.299s
[105/205] filter/spatter: max=0 mean=0.0000 over2=0 rust=0.795s js=0.322s
[106/205] filter/spinBlur: max=0 mean=0.0000 over2=0 rust=0.402s js=0.300s
[107/205] filter/spiral: max=0 mean=0.0000 over2=0 rust=0.498s js=0.386s
[108/205] filter/spookyTicker: max=0 mean=0.0000 over2=0 rust=0.479s js=0.338s
[109/205] filter/stamp: max=0 mean=0.0000 over2=0 rust=0.590s js=0.373s
[110/205] filter/step: max=0 mean=0.0000 over2=0 rust=0.349s js=0.274s
[111/205] filter/stipple: max=0 mean=0.0000 over2=0 rust=0.416s js=0.279s
[112/205] filter/strayHair: unsupported: the JavaScript CLI exposes Ready one-shot overlay generation but no Initial one-shot flag; the Rust parity CLI path intentionally uses Initial semantics
[113/205] filter/strokes: max=0 mean=0.0000 over2=0 rust=0.626s js=0.364s
[114/205] filter/temporalAberration: max=0 mean=0.0000 over2=0 rust=0.402s js=0.241s
[115/205] filter/tetraColorArray: max=0 mean=0.0000 over2=0 rust=0.332s js=0.294s
[116/205] filter/tetraCosine: max=0 mean=0.0000 over2=0 rust=0.334s js=0.266s
[117/205] filter/text: max=0 mean=0.0000 over2=0 rust=0.385s js=0.308s
[118/205] filter/texture: max=0 mean=0.0000 over2=0 rust=0.603s js=0.310s
[119/205] filter/threshold: max=0 mean=0.0000 over2=0 rust=0.381s js=0.298s
[120/205] filter/tile: max=0 mean=0.0000 over2=0 rust=0.333s js=0.271s
[121/205] filter/tint: max=0 mean=0.0000 over2=0 rust=0.326s js=0.282s
[122/205] filter/translate: max=0 mean=0.0000 over2=0 rust=0.371s js=0.237s
[123/205] filter/tunnel: max=0 mean=0.0000 over2=0 rust=0.395s js=0.285s
[124/205] filter/unsharpMask: max=0 mean=0.0000 over2=0 rust=0.319s js=0.278s
[125/205] filter/vaseline: max=0 mean=0.0000 over2=0 rust=0.325s js=0.279s
[126/205] filter/vignette: max=0 mean=0.0000 over2=0 rust=0.395s js=0.314s
[127/205] filter/warp: max=0 mean=0.0000 over2=0 rust=0.562s js=0.323s
[128/205] filter/watercolor: max=0 mean=0.0000 over2=0 rust=0.387s js=0.304s
[129/205] filter/waves: max=0 mean=0.0000 over2=0 rust=0.393s js=0.254s
[130/205] filter/wind: max=0 mean=0.0000 over2=0 rust=0.558s js=0.313s
[131/205] filter/wobble: max=0 mean=0.0000 over2=0 rust=0.409s js=0.296s
[132/205] filter/wormhole: max=0 mean=0.0000 over2=0 rust=0.661s js=0.306s
[133/205] filter/zoomBlur: max=0 mean=0.0000 over2=0 rust=0.350s js=0.286s
[134/205] filter3d/flow3d: max=0 mean=0.0000 over2=0 rust=102.070s js=1.394s
[135/205] filter3d/palette3d: max=0 mean=0.0000 over2=0 rust=0.512s js=0.311s
[136/205] mixer/alphaMask: max=0 mean=0.0000 over2=0 rust=0.487s js=0.292s
[137/205] mixer/applyMode: max=0 mean=0.0000 over2=0 rust=0.343s js=0.353s
[138/205] mixer/blendMode: max=0 mean=0.0000 over2=0 rust=0.316s js=0.293s
[139/205] mixer/cellSplit: max=0 mean=0.0000 over2=0 rust=0.424s js=0.284s
[140/205] mixer/centerMask: max=0 mean=0.0000 over2=0 rust=0.374s js=0.243s
[141/205] mixer/channelCombine: max=0 mean=0.0000 over2=0 rust=0.371s js=0.276s
[142/205] mixer/distortion: max=0 mean=0.0000 over2=0 rust=0.423s js=0.306s
[143/205] mixer/focusBlur: max=0 mean=0.0000 over2=0 rust=0.392s js=0.289s
[144/205] mixer/mashup: max=0 mean=0.0000 over2=0 rust=0.330s js=0.270s
[145/205] mixer/patternMix: max=0 mean=0.0000 over2=0 rust=0.318s js=0.267s
[146/205] mixer/shadow: max=0 mean=0.0000 over2=0 rust=0.541s js=0.295s
[147/205] mixer/shapeMask: max=0 mean=0.0000 over2=0 rust=0.318s js=0.271s
[148/205] mixer/split: max=0 mean=0.0000 over2=0 rust=0.326s js=0.274s
[149/205] mixer/thresholdMix: max=0 mean=0.0000 over2=0 rust=0.322s js=0.270s
[150/205] mixer/uvRemap: max=0 mean=0.0000 over2=0 rust=0.337s js=0.268s
[151/205] points/attractor: max=0 mean=0.0000 over2=0 rust=3.617s js=0.390s
[152/205] points/buddhabrot: max=0 mean=0.0000 over2=0 rust=5.519s js=0.464s
[153/205] points/dla: max=0 mean=0.0000 over2=0 rust=7.826s js=0.675s
[154/205] points/flock: max=0 mean=0.0000 over2=0 rust=37.432s js=2.067s
[155/205] points/flow: max=0 mean=0.0000 over2=0 rust=5.514s js=0.499s
[156/205] points/heightGrid: max=0 mean=0.0000 over2=0 rust=2.873s js=0.509s
[157/205] points/hydraulic: max=0 mean=0.0000 over2=0 rust=10.334s js=0.572s
[158/205] points/lenia: max=0 mean=0.0000 over2=0 rust=4.201s js=0.505s
[159/205] points/life: max=0 mean=0.0000 over2=0 rust=38.884s js=1.716s
[160/205] points/physarum: max=0 mean=0.0000 over2=0 rust=4.878s js=0.600s
[161/205] points/physical: max=0 mean=0.0000 over2=0 rust=6.146s js=0.446s
[162/205] render/loopBegin: max=0 mean=0.0000 over2=0 rust=0.325s js=0.272s
[163/205] render/loopEnd: max=0 mean=0.0000 over2=0 rust=0.328s js=0.263s
[164/205] render/pointsBillboardRender: max=0 mean=0.0000 over2=0 rust=2.298s js=0.416s
[165/205] render/pointsEmit: max=0 mean=0.0000 over2=0 rust=2.282s js=0.345s
[166/205] render/pointsRender: max=0 mean=0.0000 over2=0 rust=2.275s js=0.394s
[167/205] render/render3d: max=0 mean=0.0000 over2=0 rust=0.484s js=0.300s
[168/205] render/renderCubemap3d: max=0 mean=0.0000 over2=0 rust=0.457s js=0.295s
[169/205] render/renderCubemapSurface: max=0 mean=0.0000 over2=0 rust=2.295s js=0.401s
[170/205] render/renderLandscape3d: max=0 mean=0.0000 over2=0 rust=0.469s js=0.289s
[171/205] render/renderLit3d: max=0 mean=0.0000 over2=0 rust=0.487s js=0.320s
[172/205] synth/bitwise: max=0 mean=0.0000 over2=0 rust=0.391s js=0.290s
[173/205] synth/cell: max=0 mean=0.0000 over2=0 rust=0.601s js=0.295s
[174/205] synth/cellularAutomata: max=0 mean=0.0000 over2=0 rust=0.359s js=0.352s
[175/205] synth/curl: max=0 mean=0.0000 over2=0 rust=0.514s js=0.307s
[176/205] synth/gabor: max=0 mean=0.0000 over2=0 rust=0.574s js=0.243s
[177/205] synth/gradient: max=0 mean=0.0000 over2=0 rust=0.427s js=0.289s
[178/205] synth/julia: max=0 mean=0.0000 over2=0 rust=0.334s js=0.290s
[179/205] synth/mandala: max=0 mean=0.0000 over2=0 rust=0.377s js=0.297s
[180/205] synth/mandelbrot: max=0 mean=0.0000 over2=0 rust=0.893s js=0.305s
[181/205] synth/media: max=0 mean=0.0000 over2=0 rust=0.400s js=0.239s
[182/205] synth/mnca: max=0 mean=0.0000 over2=0 rust=0.341s js=0.294s
[183/205] synth/modPattern: max=0 mean=0.0000 over2=0 rust=0.391s js=0.287s
[184/205] synth/navierStokes: max=0 mean=0.0000 over2=0 rust=0.719s js=0.420s
[185/205] synth/newton: max=0 mean=0.0000 over2=0 rust=1.606s js=0.365s
[186/205] synth/noise: max=0 mean=0.0000 over2=0 rust=0.502s js=0.388s
[187/205] synth/osc2d: max=0 mean=0.0000 over2=0 rust=0.331s js=0.282s
[188/205] synth/pattern: max=0 mean=0.0000 over2=0 rust=0.406s js=0.299s
[189/205] synth/perlin: max=0 mean=0.0000 over2=0 rust=0.415s js=0.281s
[190/205] synth/polygon: max=0 mean=0.0000 over2=0 rust=0.320s js=0.344s
[191/205] synth/reactionDiffusion: max=0 mean=0.0000 over2=0 rust=0.427s js=0.390s
[192/205] synth/remap: max=0 mean=0.0000 over2=0 rust=0.417s js=0.389s
[193/205] synth/sacredGeometry: max=0 mean=0.0000 over2=0 rust=0.525s js=0.352s
[194/205] synth/shape: max=0 mean=0.0000 over2=0 rust=0.341s js=0.259s
[195/205] synth/solid: max=0 mean=0.0000 over2=0 rust=0.320s js=0.219s
[196/205] synth/subdivide: max=0 mean=0.0000 over2=0 rust=0.406s js=0.274s
[197/205] synth/testPattern: max=0 mean=0.0000 over2=0 rust=0.333s js=0.274s
[198/205] synth3d/cell3d: max=0 mean=0.0000 over2=0 rust=0.396s js=0.286s
[199/205] synth3d/cellularAutomata3d: max=0 mean=0.0000 over2=0 rust=0.499s js=0.291s
[200/205] synth3d/flythrough3d: max=0 mean=0.0000 over2=0 rust=0.344s js=0.285s
[201/205] synth3d/fractal3d: max=0 mean=0.0000 over2=0 rust=0.375s js=0.302s
[202/205] synth3d/heightmap3d: max=0 mean=0.0000 over2=0 rust=0.388s js=0.238s
[203/205] synth3d/noise3d: max=0 mean=0.0000 over2=0 rust=0.481s js=0.284s
[204/205] synth3d/reactionDiffusion3d: max=0 mean=0.0000 over2=0 rust=0.348s js=0.276s
[205/205] synth3d/shape3d: max=0 mean=0.0000 over2=0 rust=0.383s js=0.235s
denominator: catalog=205 compared=202 unsupported=3 errors=0 passed=202 failed=0 byte_exact=202
parity-exit=0
