[1/205] classicNoisedeck/bitEffects: max=0 mean=0.0000 over2=0 rust=0.284s js=0.179s
[2/205] classicNoisedeck/caustic: max=0 mean=0.0000 over2=0 rust=0.335s js=0.195s
[3/205] classicNoisedeck/cellNoise: max=0 mean=0.0000 over2=0 rust=0.420s js=0.197s
[4/205] classicNoisedeck/cellRefract: max=0 mean=0.0000 over2=0 rust=0.364s js=0.217s
[5/205] classicNoisedeck/coalesce: max=0 mean=0.0000 over2=0 rust=0.256s js=0.189s
[6/205] classicNoisedeck/colorLab: max=0 mean=0.0000 over2=0 rust=0.271s js=0.210s
[7/205] classicNoisedeck/composite: max=0 mean=0.0000 over2=0 rust=0.246s js=0.176s
[8/205] classicNoisedeck/effects: max=0 mean=0.0000 over2=0 rust=0.254s js=0.181s
[9/205] classicNoisedeck/fractal: max=0 mean=0.0000 over2=0 rust=0.252s js=0.178s
[10/205] classicNoisedeck/glitch: max=0 mean=0.0000 over2=0 rust=0.326s js=0.202s
[11/205] classicNoisedeck/kaleido: max=0 mean=0.0000 over2=0 rust=0.258s js=0.189s
[12/205] classicNoisedeck/lensDistortion: max=0 mean=0.0000 over2=0 rust=0.263s js=0.192s
[13/205] classicNoisedeck/moodscape: max=0 mean=0.0000 over2=0 rust=0.309s js=0.199s
[14/205] classicNoisedeck/noise: max=0 mean=0.0000 over2=0 rust=0.396s js=0.185s
[15/205] classicNoisedeck/noise3d: max=0 mean=0.0000 over2=0 rust=1.321s js=0.349s
[16/205] classicNoisedeck/refract: max=0 mean=0.0000 over2=0 rust=0.276s js=0.189s
[17/205] classicNoisedeck/shapeMixer: max=0 mean=0.0000 over2=0 rust=0.266s js=0.304s
[18/205] classicNoisedeck/shapes: max=0 mean=0.0000 over2=0 rust=0.394s js=0.289s
[19/205] classicNoisedeck/shapes3d: max=0 mean=0.0000 over2=0 rust=0.626s js=0.304s
[20/205] classicNoisedeck/splat: max=0 mean=0.0000 over2=0 rust=0.723s js=0.363s
[21/205] filter/adjust: max=0 mean=0.0000 over2=0 rust=0.402s js=0.300s
[22/205] filter/bloom: max=0 mean=0.0000 over2=0 rust=0.393s js=0.312s
[23/205] filter/blur: max=0 mean=0.0000 over2=0 rust=0.387s js=0.297s
[24/205] filter/bulge: max=0 mean=0.0000 over2=0 rust=0.405s js=0.320s
[25/205] filter/celShading: max=0 mean=0.0000 over2=0 rust=0.415s js=0.285s
[26/205] filter/channel: max=0 mean=0.0000 over2=0 rust=0.386s js=0.326s
[27/205] filter/chroma: max=0 mean=0.0000 over2=0 rust=0.346s js=0.303s
[28/205] filter/chromaticAberration: max=0 mean=0.0000 over2=0 rust=0.485s js=0.365s
[29/205] filter/chrome: max=0 mean=0.0000 over2=0 rust=0.436s js=0.290s
[30/205] filter/clouds: max=0 mean=0.0000 over2=0 rust=0.481s js=0.327s
[31/205] filter/colorReplace: max=0 mean=0.0000 over2=0 rust=0.385s js=0.289s
[32/205] filter/convolutionFeedback: max=0 mean=0.0000 over2=0 rust=0.748s js=0.488s
[33/205] filter/corrupt: max=0 mean=0.0000 over2=0 rust=0.574s js=0.316s
[34/205] filter/craquelure: max=0 mean=0.0000 over2=0 rust=0.490s js=0.380s
[35/205] filter/crt: max=0 mean=0.0000 over2=0 rust=0.633s js=0.361s
[36/205] filter/degauss: max=0 mean=0.0000 over2=0 rust=0.509s js=0.335s
[37/205] filter/deriv: max=0 mean=0.0000 over2=0 rust=0.399s js=0.302s
[38/205] filter/directionalBlur: max=0 mean=0.0000 over2=0 rust=0.409s js=0.336s
[39/205] filter/dither: max=0 mean=0.0000 over2=0 rust=0.408s js=0.299s
[40/205] filter/edge: max=0 mean=0.0000 over2=0 rust=0.391s js=0.312s
[41/205] filter/emboss: max=0 mean=0.0000 over2=0 rust=0.401s js=0.305s
[42/205] filter/extrude: max=0 mean=0.0000 over2=0 rust=0.390s js=0.299s
[43/205] filter/feedback: max=0 mean=0.0000 over2=0 rust=0.498s js=0.311s
[44/205] filter/fibers: unsupported: the JavaScript CLI exposes Ready one-shot overlay generation but no Initial one-shot flag; the Rust parity CLI path intentionally uses Initial semantics
[45/205] filter/flipMirror: max=0 mean=0.0000 over2=0 rust=0.380s js=0.305s
[46/205] filter/fxaa: max=0 mean=0.0000 over2=0 rust=0.351s js=0.286s
[47/205] filter/glowingEdge: max=0 mean=0.0000 over2=0 rust=0.393s js=0.381s
[48/205] filter/glyphMap: max=0 mean=0.0000 over2=0 rust=0.383s js=0.307s
[49/205] filter/grade: max=0 mean=0.0000 over2=0 rust=0.400s js=0.302s
[50/205] filter/grain: max=0 mean=0.0000 over2=0 rust=0.811s js=0.324s
[51/205] filter/grime: max=0 mean=0.0000 over2=0 rust=1.672s js=0.476s
[52/205] filter/halftone: max=0 mean=0.0000 over2=0 rust=0.457s js=0.353s
[53/205] filter/hatch: max=0 mean=0.0000 over2=0 rust=0.286s js=0.199s
[54/205] filter/highPass: max=0 mean=0.0000 over2=0 rust=0.321s js=0.304s
[55/205] filter/historicPalette: max=0 mean=0.0000 over2=0 rust=0.321s js=0.232s
[56/205] filter/invert: max=0 mean=0.0000 over2=0 rust=0.240s js=0.185s
[57/205] filter/lens: max=0 mean=0.0000 over2=0 rust=0.266s js=0.182s
[58/205] filter/lensFlare: max=0 mean=0.0000 over2=0 rust=0.249s js=0.189s
[59/205] filter/lensWarp: max=0 mean=0.0000 over2=0 rust=0.352s js=0.199s
[60/205] filter/lightLeak: max=0 mean=0.0000 over2=0 rust=0.313s js=0.203s
[61/205] filter/lighting: max=0 mean=0.0000 over2=0 rust=0.247s js=0.192s
[62/205] filter/lowPoly: max=0 mean=0.0000 over2=0 rust=0.331s js=0.213s
[63/205] filter/median: max=0 mean=0.0000 over2=0 rust=0.364s js=0.201s
[64/205] filter/morphology: max=0 mean=0.0000 over2=0 rust=0.254s js=0.192s
[65/205] filter/mosaicTiles: max=0 mean=0.0000 over2=0 rust=0.260s js=0.226s
[66/205] filter/motionBlur: max=0 mean=0.0000 over2=0 rust=0.248s js=0.231s
[67/205] filter/normalMap: max=0 mean=0.0000 over2=0 rust=0.274s js=0.204s
[68/205] filter/normalize: max=0 mean=0.0000 over2=0 rust=0.243s js=0.198s
[69/205] filter/octaveWarp: max=0 mean=0.0000 over2=0 rust=0.280s js=0.198s
[70/205] filter/oilPaint: max=0 mean=0.0000 over2=0 rust=0.329s js=0.198s
[71/205] filter/osd: max=0 mean=0.0000 over2=0 rust=0.245s js=0.204s
[72/205] filter/outline: max=0 mean=0.0000 over2=0 rust=0.238s js=0.172s
[73/205] filter/palette: max=0 mean=0.0000 over2=0 rust=0.233s js=0.193s
[74/205] filter/parallax: max=0 mean=0.0000 over2=0 rust=0.247s js=0.181s
[75/205] filter/patchwork: max=0 mean=0.0000 over2=0 rust=0.255s js=0.189s
[76/205] filter/photocopy: max=0 mean=0.0000 over2=0 rust=0.252s js=0.188s
[77/205] filter/pinch: max=0 mean=0.0000 over2=0 rust=0.271s js=0.194s
[78/205] filter/pixelSort: max=0 mean=0.0000 over2=0 rust=0.266s js=0.198s
[79/205] filter/pixels: max=0 mean=0.0000 over2=0 rust=0.241s js=0.181s
[80/205] filter/plasticWrap: max=0 mean=0.0000 over2=0 rust=0.252s js=0.198s
[81/205] filter/polar: max=0 mean=0.0000 over2=0 rust=0.271s js=0.190s
[82/205] filter/pondRipples: max=0 mean=0.0000 over2=0 rust=0.385s js=0.297s
[83/205] filter/posterize: max=0 mean=0.0000 over2=0 rust=0.399s js=0.319s
[84/205] filter/prismaticAberration: max=0 mean=0.0000 over2=0 rust=0.386s js=0.315s
[85/205] filter/reindex: max=0 mean=0.0000 over2=0 rust=0.385s js=0.317s
[86/205] filter/relief: max=0 mean=0.0000 over2=0 rust=0.391s js=0.312s
[87/205] filter/repeat: max=0 mean=0.0000 over2=0 rust=0.384s js=0.319s
[88/205] filter/reverb: max=0 mean=0.0000 over2=0 rust=0.579s js=0.405s
[89/205] filter/ridge: max=0 mean=0.0000 over2=0 rust=0.382s js=0.307s
[90/205] filter/rotate: max=0 mean=0.0000 over2=0 rust=0.380s js=0.296s
[91/205] filter/scale: max=0 mean=0.0000 over2=0 rust=0.341s js=0.294s
[92/205] filter/scanlineError: max=0 mean=0.0000 over2=0 rust=0.561s js=0.313s
[93/205] filter/scatter: max=0 mean=0.0000 over2=0 rust=0.347s js=0.290s
[94/205] filter/scratches: unsupported: the JavaScript CLI exposes Ready one-shot overlay generation but no Initial one-shot flag; the Rust parity CLI path intentionally uses Initial semantics
[95/205] filter/scroll: max=0 mean=0.0000 over2=0 rust=0.382s js=0.287s
[96/205] filter/seamless: max=0 mean=0.0000 over2=0 rust=0.381s js=0.304s
[97/205] filter/sharpen: max=0 mean=0.0000 over2=0 rust=0.388s js=0.303s
[98/205] filter/simpleAberration: max=0 mean=0.0000 over2=0 rust=0.354s js=0.283s
[99/205] filter/sine: max=0 mean=0.0000 over2=0 rust=0.391s js=0.297s
[100/205] filter/skew: max=0 mean=0.0000 over2=0 rust=0.384s js=0.307s
[101/205] filter/smooth: max=0 mean=0.0000 over2=0 rust=0.375s js=0.301s
[102/205] filter/smoothstep: max=0 mean=0.0000 over2=0 rust=0.343s js=0.306s
[103/205] filter/snow: max=0 mean=0.0000 over2=0 rust=0.448s js=0.331s
[104/205] filter/sobel: max=0 mean=0.0000 over2=0 rust=0.377s js=0.318s
[105/205] filter/spatter: max=0 mean=0.0000 over2=0 rust=0.802s js=0.408s
[106/205] filter/spinBlur: max=0 mean=0.0000 over2=0 rust=0.510s js=0.295s
[107/205] filter/spiral: max=0 mean=0.0000 over2=0 rust=0.455s js=0.305s
[108/205] filter/spookyTicker: max=0 mean=0.0000 over2=0 rust=0.391s js=0.303s
[109/205] filter/stamp: max=0 mean=0.0000 over2=0 rust=0.426s js=0.330s
[110/205] filter/step: max=0 mean=0.0000 over2=0 rust=0.377s js=0.306s
[111/205] filter/stipple: max=0 mean=0.0000 over2=0 rust=0.472s js=0.337s
[112/205] filter/strayHair: unsupported: the JavaScript CLI exposes Ready one-shot overlay generation but no Initial one-shot flag; the Rust parity CLI path intentionally uses Initial semantics
[113/205] filter/strokes: max=0 mean=0.0000 over2=0 rust=0.686s js=0.480s
[114/205] filter/temporalAberration: max=0 mean=0.0000 over2=0 rust=0.439s js=0.360s
[115/205] filter/tetraColorArray: max=0 mean=0.0000 over2=0 rust=0.400s js=0.296s
[116/205] filter/tetraCosine: max=0 mean=0.0000 over2=0 rust=0.397s js=0.316s
[117/205] filter/text: max=0 mean=0.0000 over2=0 rust=0.388s js=0.314s
[118/205] filter/texture: max=0 mean=0.0000 over2=0 rust=0.630s js=0.210s
[119/205] filter/threshold: max=0 mean=0.0000 over2=0 rust=0.247s js=0.188s
[120/205] filter/tile: max=0 mean=0.0000 over2=0 rust=0.241s js=0.177s
[121/205] filter/tint: max=0 mean=0.0000 over2=0 rust=0.253s js=0.188s
[122/205] filter/translate: max=0 mean=0.0000 over2=0 rust=0.253s js=0.176s
[123/205] filter/tunnel: max=0 mean=0.0000 over2=0 rust=0.273s js=0.177s
[124/205] filter/unsharpMask: max=0 mean=0.0000 over2=0 rust=0.249s js=0.206s
[125/205] filter/vaseline: max=0 mean=0.0000 over2=0 rust=0.266s js=0.200s
[126/205] filter/vignette: max=0 mean=0.0000 over2=0 rust=0.255s js=0.197s
[127/205] filter/warp: max=0 mean=0.0000 over2=0 rust=0.335s js=0.236s
[128/205] filter/watercolor: max=0 mean=0.0000 over2=0 rust=0.290s js=0.235s
[129/205] filter/waves: max=0 mean=0.0000 over2=0 rust=0.281s js=0.208s
[130/205] filter/wind: max=0 mean=0.0000 over2=0 rust=0.401s js=0.213s
[131/205] filter/wobble: max=0 mean=0.0000 over2=0 rust=0.282s js=0.180s
[132/205] filter/wormhole: max=0 mean=0.0000 over2=0 rust=0.409s js=0.202s
[133/205] filter/zoomBlur: max=0 mean=0.0000 over2=0 rust=0.247s js=0.198s
[134/205] filter3d/flow3d: max=0 mean=0.0000 over2=0 rust=103.400s js=1.441s
[135/205] filter3d/palette3d: max=0 mean=0.0000 over2=0 rust=0.533s js=0.309s
[136/205] mixer/alphaMask: max=0 mean=0.0000 over2=0 rust=0.472s js=0.302s
[137/205] mixer/applyMode: max=0 mean=0.0000 over2=0 rust=0.388s js=0.317s
[138/205] mixer/blendMode: max=0 mean=0.0000 over2=0 rust=0.396s js=0.297s
[139/205] mixer/cellSplit: max=0 mean=0.0000 over2=0 rust=0.492s js=0.320s
[140/205] mixer/centerMask: max=0 mean=0.0000 over2=0 rust=0.408s js=0.289s
[141/205] mixer/channelCombine: max=0 mean=0.0000 over2=0 rust=0.391s js=0.307s
[142/205] mixer/distortion: max=0 mean=0.0000 over2=0 rust=0.480s js=0.303s
[143/205] mixer/focusBlur: max=0 mean=0.0000 over2=0 rust=0.410s js=0.313s
[144/205] mixer/mashup: max=0 mean=0.0000 over2=0 rust=0.394s js=0.303s
[145/205] mixer/patternMix: max=0 mean=0.0000 over2=0 rust=0.400s js=0.292s
[146/205] mixer/shadow: max=0 mean=0.0000 over2=0 rust=0.564s js=0.318s
[147/205] mixer/shapeMask: max=0 mean=0.0000 over2=0 rust=0.382s js=0.287s
[148/205] mixer/split: max=0 mean=0.0000 over2=0 rust=0.347s js=0.293s
[149/205] mixer/thresholdMix: max=0 mean=0.0000 over2=0 rust=0.384s js=0.298s
[150/205] mixer/uvRemap: max=0 mean=0.0000 over2=0 rust=0.394s js=0.302s
[151/205] points/attractor: max=0 mean=0.0000 over2=0 rust=3.988s js=0.491s
[152/205] points/buddhabrot: max=0 mean=0.0000 over2=0 rust=5.826s js=0.503s
[153/205] points/dla: max=0 mean=0.0000 over2=0 rust=8.829s js=0.763s
[154/205] points/flock: max=0 mean=0.0000 over2=0 rust=38.329s js=1.658s
[155/205] points/flow: max=0 mean=0.0000 over2=0 rust=5.336s js=0.558s
[156/205] points/heightGrid: max=0 mean=0.0000 over2=0 rust=2.901s js=0.434s
[157/205] points/hydraulic: max=0 mean=0.0000 over2=0 rust=11.743s js=0.668s
[158/205] points/lenia: max=0 mean=0.0000 over2=0 rust=4.044s js=0.558s
[159/205] points/life: max=0 mean=0.0000 over2=0 rust=36.451s js=1.856s
[160/205] points/physarum: max=0 mean=0.0000 over2=0 rust=4.897s js=0.616s
[161/205] points/physical: max=0 mean=0.0000 over2=0 rust=5.505s js=0.485s
[162/205] render/loopBegin: max=0 mean=0.0000 over2=0 rust=0.401s js=0.310s
[163/205] render/loopEnd: max=0 mean=0.0000 over2=0 rust=0.405s js=0.362s
[164/205] render/pointsBillboardRender: max=0 mean=0.0000 over2=0 rust=2.541s js=0.483s
[165/205] render/pointsEmit: max=0 mean=0.0000 over2=0 rust=2.294s js=0.409s
[166/205] render/pointsRender: max=0 mean=0.0000 over2=0 rust=2.361s js=0.425s
[167/205] render/render3d: max=0 mean=0.0000 over2=0 rust=0.523s js=0.367s
[168/205] render/renderCubemap3d: max=0 mean=0.0000 over2=0 rust=0.521s js=0.363s
[169/205] render/renderCubemapSurface: max=0 mean=0.0000 over2=0 rust=2.262s js=0.432s
[170/205] render/renderLandscape3d: max=0 mean=0.0000 over2=0 rust=0.498s js=0.369s
[171/205] render/renderLit3d: max=0 mean=0.0000 over2=0 rust=0.460s js=0.372s
[172/205] synth/bitwise: max=0 mean=0.0000 over2=0 rust=0.388s js=0.290s
[173/205] synth/cell: max=0 mean=0.0000 over2=0 rust=0.650s js=0.357s
[174/205] synth/cellularAutomata: max=0 mean=0.0000 over2=0 rust=0.403s js=0.301s
[175/205] synth/curl: max=0 mean=0.0000 over2=0 rust=0.525s js=0.357s
[176/205] synth/gabor: max=0 mean=0.0000 over2=0 rust=0.529s js=0.362s
[177/205] synth/gradient: max=0 mean=0.0000 over2=0 rust=0.401s js=0.248s
[178/205] synth/julia: max=0 mean=0.0000 over2=0 rust=0.381s js=0.304s
[179/205] synth/mandala: max=0 mean=0.0000 over2=0 rust=0.391s js=0.307s
[180/205] synth/mandelbrot: max=0 mean=0.0000 over2=0 rust=0.869s js=0.311s
[181/205] synth/media: max=0 mean=0.0000 over2=0 rust=0.408s js=0.311s
[182/205] synth/mnca: max=0 mean=0.0000 over2=0 rust=0.395s js=0.306s
[183/205] synth/modPattern: max=0 mean=0.0000 over2=0 rust=0.394s js=0.299s
[184/205] synth/navierStokes: max=0 mean=0.0000 over2=0 rust=0.792s js=0.483s
[185/205] synth/newton: max=0 mean=0.0000 over2=0 rust=1.541s js=0.477s
[186/205] synth/noise: max=0 mean=0.0000 over2=0 rust=0.481s js=0.310s
[187/205] synth/osc2d: max=0 mean=0.0000 over2=0 rust=0.387s js=0.306s
[188/205] synth/pattern: max=0 mean=0.0000 over2=0 rust=0.392s js=0.307s
[189/205] synth/perlin: max=0 mean=0.0000 over2=0 rust=0.436s js=0.344s
[190/205] synth/polygon: max=0 mean=0.0000 over2=0 rust=0.350s js=0.290s
[191/205] synth/reactionDiffusion: max=0 mean=0.0000 over2=0 rust=0.417s js=0.349s
[192/205] synth/remap: max=0 mean=0.0000 over2=0 rust=0.395s js=0.320s
[193/205] synth/sacredGeometry: max=0 mean=0.0000 over2=0 rust=0.410s js=0.311s
[194/205] synth/shape: max=0 mean=0.0000 over2=0 rust=0.395s js=0.310s
[195/205] synth/solid: max=0 mean=0.0000 over2=0 rust=0.451s js=0.308s
[196/205] synth/subdivide: max=0 mean=0.0000 over2=0 rust=0.406s js=0.303s
[197/205] synth/testPattern: max=0 mean=0.0000 over2=0 rust=0.394s js=0.307s
[198/205] synth3d/cell3d: max=0 mean=0.0000 over2=0 rust=0.476s js=0.328s
[199/205] synth3d/cellularAutomata3d: max=0 mean=0.0000 over2=0 rust=0.465s js=0.316s
[200/205] synth3d/flythrough3d: max=0 mean=0.0000 over2=0 rust=0.414s js=0.323s
[201/205] synth3d/fractal3d: max=0 mean=0.0000 over2=0 rust=0.545s js=0.309s
[202/205] synth3d/heightmap3d: max=0 mean=0.0000 over2=0 rust=0.396s js=0.308s
[203/205] synth3d/noise3d: max=0 mean=0.0000 over2=0 rust=0.502s js=0.333s
[204/205] synth3d/reactionDiffusion3d: max=0 mean=0.0000 over2=0 rust=0.548s js=0.407s
[205/205] synth3d/shape3d: max=0 mean=0.0000 over2=0 rust=0.417s js=0.301s
denominator: catalog=205 compared=202 unsupported=3 errors=0 passed=202 failed=0 byte_exact=202
