[1/205] classicNoisedeck/bitEffects: max=0 mean=0.0000 over2=0 rust=0.278s js=0.180s
[2/205] classicNoisedeck/caustic: max=0 mean=0.0000 over2=0 rust=0.323s js=0.184s
[3/205] classicNoisedeck/cellNoise: max=0 mean=0.0000 over2=0 rust=0.411s js=0.184s
[4/205] classicNoisedeck/cellRefract: max=0 mean=0.0000 over2=0 rust=0.358s js=0.181s
[5/205] classicNoisedeck/coalesce: max=0 mean=0.0000 over2=0 rust=0.231s js=0.162s
[6/205] classicNoisedeck/colorLab: max=0 mean=0.0000 over2=0 rust=0.233s js=0.169s
[7/205] classicNoisedeck/composite: max=0 mean=0.0000 over2=0 rust=0.228s js=0.195s
[8/205] classicNoisedeck/effects: max=0 mean=0.0000 over2=0 rust=0.249s js=0.169s
[9/205] classicNoisedeck/fractal: max=0 mean=0.0000 over2=0 rust=0.219s js=0.174s
[10/205] classicNoisedeck/glitch: max=0 mean=0.0000 over2=0 rust=0.322s js=0.180s
[11/205] classicNoisedeck/kaleido: max=0 mean=0.0000 over2=0 rust=0.235s js=0.170s
[12/205] classicNoisedeck/lensDistortion: max=0 mean=0.0000 over2=0 rust=0.235s js=0.191s
[13/205] classicNoisedeck/moodscape: max=0 mean=0.0000 over2=0 rust=0.303s js=0.191s
[14/205] classicNoisedeck/noise: max=0 mean=0.0000 over2=0 rust=0.389s js=0.183s
[15/205] classicNoisedeck/noise3d: max=0 mean=0.0000 over2=0 rust=1.276s js=0.320s
[16/205] classicNoisedeck/refract: max=0 mean=0.0000 over2=0 rust=0.230s js=0.171s
[17/205] classicNoisedeck/shapeMixer: max=0 mean=0.0000 over2=0 rust=0.243s js=0.173s
[18/205] classicNoisedeck/shapes: max=0 mean=0.0000 over2=0 rust=0.235s js=0.166s
[19/205] classicNoisedeck/shapes3d: max=0 mean=0.0000 over2=0 rust=0.390s js=0.185s
[20/205] classicNoisedeck/splat: max=0 mean=0.0000 over2=0 rust=0.333s js=0.174s
[21/205] filter/adjust: max=0 mean=0.0000 over2=0 rust=0.233s js=0.167s
[22/205] filter/bloom: max=0 mean=0.0000 over2=0 rust=0.236s js=0.179s
[23/205] filter/blur: max=0 mean=0.0000 over2=0 rust=0.233s js=0.184s
[24/205] filter/bulge: max=0 mean=0.0000 over2=0 rust=0.247s js=0.187s
[25/205] filter/celShading: max=0 mean=0.0000 over2=0 rust=0.284s js=0.202s
[26/205] filter/channel: max=0 mean=0.0000 over2=0 rust=0.233s js=0.172s
[27/205] filter/chroma: max=0 mean=0.0000 over2=0 rust=0.230s js=0.168s
[28/205] filter/chromaticAberration: max=0 mean=0.0000 over2=0 rust=0.226s js=0.174s
[29/205] filter/chrome: max=0 mean=0.0000 over2=0 rust=0.238s js=0.167s
[30/205] filter/clouds: max=0 mean=0.0000 over2=0 rust=0.324s js=0.179s
[31/205] filter/colorReplace: max=0 mean=0.0000 over2=0 rust=0.231s js=0.170s
[32/205] filter/convolutionFeedback: max=0 mean=0.0000 over2=0 rust=0.543s js=0.247s
[33/205] filter/corrupt: max=0 mean=0.0000 over2=0 rust=0.240s js=0.164s
[34/205] filter/craquelure: max=0 mean=0.0000 over2=0 rust=0.309s js=0.191s
[35/205] filter/crt: max=0 mean=0.0000 over2=0 rust=0.382s js=0.209s
[36/205] filter/degauss: max=0 mean=0.0000 over2=0 rust=0.327s js=0.191s
[37/205] filter/deriv: max=0 mean=0.0000 over2=0 rust=0.236s js=0.164s
[38/205] filter/directionalBlur: max=0 mean=0.0000 over2=0 rust=0.231s js=0.164s
[39/205] filter/dither: max=0 mean=0.0000 over2=0 rust=0.235s js=0.174s
[40/205] filter/edge: max=0 mean=0.0000 over2=0 rust=0.247s js=0.170s
[41/205] filter/emboss: max=0 mean=0.0000 over2=0 rust=0.234s js=0.177s
[42/205] filter/extrude: max=0 mean=0.0000 over2=0 rust=0.245s js=0.178s
[43/205] filter/feedback: max=0 mean=0.0000 over2=0 rust=0.329s js=0.208s
[44/205] filter/fibers: unsupported: the JavaScript CLI exposes Ready one-shot overlay generation but no Initial one-shot flag; the Rust parity CLI path intentionally uses Initial semantics
[45/205] filter/flipMirror: max=0 mean=0.0000 over2=0 rust=0.232s js=0.186s
[46/205] filter/fxaa: max=0 mean=0.0000 over2=0 rust=0.247s js=0.182s
[47/205] filter/glowingEdge: max=0 mean=0.0000 over2=0 rust=0.232s js=0.169s
[48/205] filter/glyphMap: max=0 mean=0.0000 over2=0 rust=0.232s js=0.162s
[49/205] filter/grade: max=0 mean=0.0000 over2=0 rust=0.249s js=0.177s
[50/205] filter/grain: max=0 mean=0.0000 over2=0 rust=0.546s js=0.200s
[51/205] filter/grime: max=0 mean=0.0000 over2=0 rust=1.169s js=0.237s
[52/205] filter/halftone: max=0 mean=0.0000 over2=0 rust=0.313s js=0.190s
[53/205] filter/hatch: max=0 mean=0.0000 over2=0 rust=0.238s js=0.180s
[54/205] filter/highPass: max=0 mean=0.0000 over2=0 rust=0.246s js=0.178s
[55/205] filter/historicPalette: max=0 mean=0.0000 over2=0 rust=0.233s js=0.202s
[56/205] filter/invert: max=0 mean=0.0000 over2=0 rust=0.232s js=0.167s
[57/205] filter/lens: max=0 mean=0.0000 over2=0 rust=0.267s js=0.187s
[58/205] filter/lensFlare: max=0 mean=0.0000 over2=0 rust=0.253s js=0.195s
[59/205] filter/lensWarp: max=0 mean=0.0000 over2=0 rust=0.321s js=0.189s
[60/205] filter/lightLeak: max=0 mean=0.0000 over2=0 rust=0.272s js=0.186s
[61/205] filter/lighting: max=0 mean=0.0000 over2=0 rust=0.239s js=0.174s
[62/205] filter/lowPoly: max=0 mean=0.0000 over2=0 rust=0.345s js=0.187s
[63/205] filter/median: max=0 mean=0.0000 over2=0 rust=0.339s js=0.177s
[64/205] filter/morphology: max=0 mean=0.0000 over2=0 rust=0.236s js=0.206s
[65/205] filter/mosaicTiles: max=0 mean=0.0000 over2=0 rust=0.275s js=0.195s
[66/205] filter/motionBlur: max=0 mean=0.0000 over2=0 rust=0.242s js=0.175s
[67/205] filter/normalMap: max=0 mean=0.0000 over2=0 rust=0.244s js=0.175s
[68/205] filter/normalize: max=0 mean=0.0000 over2=0 rust=0.244s js=0.178s
[69/205] filter/octaveWarp: max=0 mean=0.0000 over2=0 rust=0.276s js=0.173s
[70/205] filter/oilPaint: max=0 mean=0.0000 over2=0 rust=0.326s js=0.216s
[71/205] filter/osd: max=0 mean=0.0000 over2=0 rust=0.245s js=0.168s
[72/205] filter/outline: max=0 mean=0.0000 over2=0 rust=0.247s js=0.189s
[73/205] filter/palette: max=0 mean=0.0000 over2=0 rust=0.232s js=0.171s
[74/205] filter/parallax: max=0 mean=0.0000 over2=0 rust=0.246s js=0.186s
[75/205] filter/patchwork: max=0 mean=0.0000 over2=0 rust=0.236s js=0.165s
[76/205] filter/photocopy: max=0 mean=0.0000 over2=0 rust=0.235s js=0.181s
[77/205] filter/pinch: max=0 mean=0.0000 over2=0 rust=0.247s js=0.171s
[78/205] filter/pixelSort: max=0 mean=0.0000 over2=0 rust=0.269s js=0.171s
[79/205] filter/pixels: max=0 mean=0.0000 over2=0 rust=0.221s js=0.164s
[80/205] filter/plasticWrap: max=0 mean=0.0000 over2=0 rust=0.241s js=0.173s
[81/205] filter/polar: max=0 mean=0.0000 over2=0 rust=0.266s js=0.173s
[82/205] filter/pondRipples: max=0 mean=0.0000 over2=0 rust=0.261s js=0.174s
[83/205] filter/posterize: max=0 mean=0.0000 over2=0 rust=0.250s js=0.173s
[84/205] filter/prismaticAberration: max=0 mean=0.0000 over2=0 rust=0.232s js=0.157s
[85/205] filter/reindex: max=0 mean=0.0000 over2=0 rust=0.231s js=0.175s
[86/205] filter/relief: max=0 mean=0.0000 over2=0 rust=0.249s js=0.179s
[87/205] filter/repeat: max=0 mean=0.0000 over2=0 rust=0.233s js=0.214s
[88/205] filter/reverb: max=0 mean=0.0000 over2=0 rust=0.252s js=0.189s
[89/205] filter/ridge: max=0 mean=0.0000 over2=0 rust=0.249s js=0.179s
[90/205] filter/rotate: max=0 mean=0.0000 over2=0 rust=0.239s js=0.180s
[91/205] filter/scale: max=0 mean=0.0000 over2=0 rust=0.225s js=0.195s
[92/205] filter/scanlineError: max=0 mean=0.0000 over2=0 rust=0.361s js=0.195s
[93/205] filter/scatter: max=0 mean=0.0000 over2=0 rust=0.235s js=0.167s
[94/205] filter/scratches: unsupported: the JavaScript CLI exposes Ready one-shot overlay generation but no Initial one-shot flag; the Rust parity CLI path intentionally uses Initial semantics
[95/205] filter/scroll: max=0 mean=0.0000 over2=0 rust=0.230s js=0.176s
[96/205] filter/seamless: max=0 mean=0.0000 over2=0 rust=0.233s js=0.163s
[97/205] filter/sharpen: max=0 mean=0.0000 over2=0 rust=0.237s js=0.164s
[98/205] filter/simpleAberration: max=0 mean=0.0000 over2=0 rust=0.227s js=0.175s
[99/205] filter/sine: max=0 mean=0.0000 over2=0 rust=0.241s js=0.167s
[100/205] filter/skew: max=0 mean=0.0000 over2=0 rust=0.237s js=0.180s
[101/205] filter/smooth: max=0 mean=0.0000 over2=0 rust=0.232s js=0.165s
[102/205] filter/smoothstep: max=0 mean=0.0000 over2=0 rust=0.236s js=0.168s
[103/205] filter/snow: max=0 mean=0.0000 over2=0 rust=0.262s js=0.164s
[104/205] filter/sobel: max=0 mean=0.0000 over2=0 rust=0.233s js=0.175s
[105/205] filter/spatter: max=0 mean=0.0000 over2=0 rust=0.518s js=0.185s
[106/205] filter/spinBlur: max=0 mean=0.0000 over2=0 rust=0.270s js=0.192s
[107/205] filter/spiral: max=0 mean=0.0000 over2=0 rust=0.260s js=0.167s
[108/205] filter/spookyTicker: max=0 mean=0.0000 over2=0 rust=0.238s js=0.170s
[109/205] filter/stamp: max=0 mean=0.0000 over2=0 rust=0.292s js=0.215s
[110/205] filter/step: max=0 mean=0.0000 over2=0 rust=0.251s js=0.171s
[111/205] filter/stipple: max=0 mean=0.0000 over2=0 rust=0.286s js=0.199s
[112/205] filter/strayHair: unsupported: the JavaScript CLI exposes Ready one-shot overlay generation but no Initial one-shot flag; the Rust parity CLI path intentionally uses Initial semantics
[113/205] filter/strokes: max=0 mean=0.0000 over2=0 rust=0.462s js=0.226s
[114/205] filter/temporalAberration: max=0 mean=0.0000 over2=0 rust=0.267s js=0.215s
[115/205] filter/tetraColorArray: max=0 mean=0.0000 over2=0 rust=0.268s js=0.202s
[116/205] filter/tetraCosine: max=0 mean=0.0000 over2=0 rust=0.273s js=0.228s
[117/205] filter/text: max=0 mean=0.0000 over2=0 rust=0.276s js=0.191s
[118/205] filter/texture: max=0 mean=0.0000 over2=0 rust=0.401s js=0.173s
[119/205] filter/threshold: max=0 mean=0.0000 over2=0 rust=0.241s js=0.166s
[120/205] filter/tile: max=0 mean=0.0000 over2=0 rust=0.228s js=0.166s
[121/205] filter/tint: max=0 mean=0.0000 over2=0 rust=0.235s js=0.172s
[122/205] filter/translate: max=0 mean=0.0000 over2=0 rust=0.230s js=0.167s
[123/205] filter/tunnel: max=0 mean=0.0000 over2=0 rust=0.267s js=0.188s
[124/205] filter/unsharpMask: max=0 mean=0.0000 over2=0 rust=0.241s js=0.176s
[125/205] filter/vaseline: max=0 mean=0.0000 over2=0 rust=0.259s js=0.190s
[126/205] filter/vignette: max=0 mean=0.0000 over2=0 rust=0.232s js=0.178s
[127/205] filter/warp: max=0 mean=0.0000 over2=0 rust=0.321s js=0.186s
[128/205] filter/watercolor: max=0 mean=0.0000 over2=0 rust=0.259s js=0.182s
[129/205] filter/waves: max=0 mean=0.0000 over2=0 rust=0.253s js=0.170s
[130/205] filter/wind: max=0 mean=0.0000 over2=0 rust=0.335s js=0.186s
[131/205] filter/wobble: max=0 mean=0.0000 over2=0 rust=0.266s js=0.191s
[132/205] filter/wormhole: max=0 mean=0.0000 over2=0 rust=0.422s js=0.192s
[133/205] filter/zoomBlur: max=0 mean=0.0000 over2=0 rust=0.243s js=0.174s
[134/205] filter3d/flow3d: max=0 mean=0.0000 over2=0 rust=71.159s js=0.831s
[135/205] filter3d/palette3d: max=0 mean=0.0000 over2=0 rust=0.323s js=0.212s
[136/205] mixer/alphaMask: max=0 mean=0.0000 over2=0 rust=0.231s js=0.167s
[137/205] mixer/applyMode: max=0 mean=0.0000 over2=0 rust=0.230s js=0.188s
[138/205] mixer/blendMode: max=0 mean=0.0000 over2=0 rust=0.237s js=0.178s
[139/205] mixer/cellSplit: max=0 mean=0.0000 over2=0 rust=0.314s js=0.213s
[140/205] mixer/centerMask: max=0 mean=0.0000 over2=0 rust=0.239s js=0.176s
[141/205] mixer/channelCombine: max=0 mean=0.0000 over2=0 rust=0.230s js=0.193s
[142/205] mixer/distortion: max=0 mean=0.0000 over2=0 rust=0.298s js=0.200s
[143/205] mixer/focusBlur: max=0 mean=0.0000 over2=0 rust=0.263s js=0.185s
[144/205] mixer/mashup: max=0 mean=0.0000 over2=0 rust=0.246s js=0.194s
[145/205] mixer/patternMix: max=0 mean=0.0000 over2=0 rust=0.231s js=0.168s
[146/205] mixer/shadow: max=0 mean=0.0000 over2=0 rust=0.343s js=0.194s
[147/205] mixer/shapeMask: max=0 mean=0.0000 over2=0 rust=0.231s js=0.185s
[148/205] mixer/split: max=0 mean=0.0000 over2=0 rust=0.231s js=0.182s
[149/205] mixer/thresholdMix: max=0 mean=0.0000 over2=0 rust=0.234s js=0.187s
[150/205] mixer/uvRemap: max=0 mean=0.0000 over2=0 rust=0.254s js=0.157s
[151/205] points/attractor: max=0 mean=0.0000 over2=0 rust=2.699s js=0.257s
[152/205] points/buddhabrot: max=0 mean=0.0000 over2=0 rust=3.949s js=0.273s
[153/205] points/dla: max=0 mean=0.0000 over2=0 rust=5.560s js=0.383s
[154/205] points/flock: max=0 mean=0.0000 over2=0 rust=25.763s js=0.970s
[155/205] points/flow: max=0 mean=0.0000 over2=0 rust=3.738s js=0.277s
[156/205] points/heightGrid: max=0 mean=0.0000 over2=0 rust=1.949s js=0.276s
[157/205] points/hydraulic: max=0 mean=0.0000 over2=0 rust=7.828s js=0.343s
[158/205] points/lenia: max=0 mean=0.0000 over2=0 rust=2.919s js=0.292s
[159/205] points/life: max=0 mean=0.0000 over2=0 rust=25.247s js=0.872s
[160/205] points/physarum: max=0 mean=0.0000 over2=0 rust=3.376s js=0.315s
[161/205] points/physical: max=0 mean=0.0000 over2=0 rust=3.898s js=0.279s
[162/205] render/loopBegin: max=0 mean=0.0000 over2=0 rust=0.237s js=0.167s
[163/205] render/loopEnd: max=0 mean=0.0000 over2=0 rust=0.228s js=0.178s
[164/205] render/pointsBillboardRender: max=0 mean=0.0000 over2=0 rust=1.549s js=0.291s
[165/205] render/pointsEmit: max=0 mean=0.0000 over2=0 rust=1.549s js=0.223s
[166/205] render/pointsRender: max=0 mean=0.0000 over2=0 rust=1.560s js=0.237s
[167/205] render/render3d: max=0 mean=0.0000 over2=0 rust=0.315s js=0.179s
[168/205] render/renderCubemap3d: max=0 mean=0.0000 over2=0 rust=0.309s js=0.187s
[169/205] render/renderCubemapSurface: max=0 mean=0.0000 over2=0 rust=1.558s js=0.296s
[170/205] render/renderLandscape3d: max=0 mean=0.0000 over2=0 rust=0.339s js=0.240s
[171/205] render/renderLit3d: max=0 mean=0.0000 over2=0 rust=0.426s js=0.255s
[172/205] synth/bitwise: max=0 mean=0.0000 over2=0 rust=0.277s js=0.191s
[173/205] synth/cell: max=0 mean=0.0000 over2=0 rust=0.435s js=0.232s
[174/205] synth/cellularAutomata: max=0 mean=0.0000 over2=0 rust=0.256s js=0.181s
[175/205] synth/curl: max=0 mean=0.0000 over2=0 rust=0.357s js=0.187s
[176/205] synth/gabor: max=0 mean=0.0000 over2=0 rust=0.340s js=0.174s
[177/205] synth/gradient: max=0 mean=0.0000 over2=0 rust=0.237s js=0.161s
[178/205] synth/julia: max=0 mean=0.0000 over2=0 rust=0.224s js=0.175s
[179/205] synth/mandala: max=0 mean=0.0000 over2=0 rust=0.233s js=0.163s
[180/205] synth/mandelbrot: max=0 mean=0.0000 over2=0 rust=0.540s js=0.215s
[181/205] synth/media: max=0 mean=0.0000 over2=0 rust=0.246s js=0.182s
[182/205] synth/mnca: max=0 mean=0.0000 over2=0 rust=0.249s js=0.180s
[183/205] synth/modPattern: max=0 mean=0.0000 over2=0 rust=0.235s js=0.164s
[184/205] synth/navierStokes: max=0 mean=0.0000 over2=0 rust=0.526s js=0.223s
[185/205] synth/newton: max=0 mean=0.0000 over2=0 rust=1.109s js=0.225s
[186/205] synth/noise: max=0 mean=0.0000 over2=0 rust=0.308s js=0.186s
[187/205] synth/osc2d: max=0 mean=0.0000 over2=0 rust=0.233s js=0.179s
[188/205] synth/pattern: max=0 mean=0.0000 over2=0 rust=0.231s js=0.173s
[189/205] synth/perlin: max=0 mean=0.0000 over2=0 rust=0.283s js=0.207s
[190/205] synth/polygon: max=0 mean=0.0000 over2=0 rust=0.242s js=0.171s
[191/205] synth/reactionDiffusion: max=0 mean=0.0000 over2=0 rust=0.270s js=0.176s
[192/205] synth/remap: max=0 mean=0.0000 over2=0 rust=0.228s js=0.173s
[193/205] synth/sacredGeometry: max=0 mean=0.0000 over2=0 rust=0.259s js=0.192s
[194/205] synth/shape: max=0 mean=0.0000 over2=0 rust=0.237s js=0.177s
[195/205] synth/solid: max=0 mean=0.0000 over2=0 rust=0.225s js=0.168s
[196/205] synth/subdivide: max=0 mean=0.0000 over2=0 rust=0.261s js=0.175s
[197/205] synth/testPattern: max=0 mean=0.0000 over2=0 rust=0.230s js=0.171s
[198/205] synth3d/cell3d: max=0 mean=0.0000 over2=0 rust=0.304s js=0.199s
[199/205] synth3d/cellularAutomata3d: max=0 mean=0.0000 over2=0 rust=0.274s js=0.181s
[200/205] synth3d/flythrough3d: max=0 mean=0.0000 over2=0 rust=0.243s js=0.180s
[201/205] synth3d/fractal3d: max=0 mean=0.0000 over2=0 rust=0.251s js=0.177s
[202/205] synth3d/heightmap3d: max=0 mean=0.0000 over2=0 rust=0.246s js=0.169s
[203/205] synth3d/noise3d: max=0 mean=0.0000 over2=0 rust=0.326s js=0.187s
[204/205] synth3d/reactionDiffusion3d: max=0 mean=0.0000 over2=0 rust=0.263s js=0.185s
[205/205] synth3d/shape3d: max=0 mean=0.0000 over2=0 rust=0.261s js=0.178s
denominator: catalog=205 compared=202 unsupported=3 errors=0 passed=202 failed=0 byte_exact=202
