[1/205] classicNoisedeck/bitEffects: max=0 mean=0.0000 over2=0 rust=0.325s js=0.239s
[2/205] classicNoisedeck/caustic: max=0 mean=0.0000 over2=0 rust=0.361s js=0.233s
[3/205] classicNoisedeck/cellNoise: max=0 mean=0.0000 over2=0 rust=0.436s js=0.212s
[4/205] classicNoisedeck/cellRefract: max=0 mean=0.0000 over2=0 rust=0.398s js=0.205s
[5/205] classicNoisedeck/coalesce: max=0 mean=0.0000 over2=0 rust=0.278s js=0.189s
[6/205] classicNoisedeck/colorLab: max=0 mean=0.0000 over2=0 rust=0.257s js=0.190s
[7/205] classicNoisedeck/composite: max=0 mean=0.0000 over2=0 rust=0.277s js=0.195s
[8/205] classicNoisedeck/effects: max=0 mean=0.0000 over2=0 rust=0.265s js=0.197s
[9/205] classicNoisedeck/fractal: max=0 mean=0.0000 over2=0 rust=0.246s js=0.187s
[10/205] classicNoisedeck/glitch: max=0 mean=0.0000 over2=0 rust=0.340s js=0.199s
[11/205] classicNoisedeck/kaleido: max=0 mean=0.0000 over2=0 rust=0.281s js=0.200s
[12/205] classicNoisedeck/lensDistortion: max=0 mean=0.0000 over2=0 rust=0.275s js=0.194s
[13/205] classicNoisedeck/moodscape: max=0 mean=0.0000 over2=0 rust=0.328s js=0.227s
[14/205] classicNoisedeck/noise: max=0 mean=0.0000 over2=0 rust=0.414s js=0.204s
[15/205] classicNoisedeck/noise3d: max=0 mean=0.0000 over2=0 rust=1.247s js=0.351s
[16/205] classicNoisedeck/refract: max=0 mean=0.0000 over2=0 rust=0.267s js=0.197s
[17/205] classicNoisedeck/shapeMixer: max=0 mean=0.0000 over2=0 rust=0.265s js=0.187s
[18/205] classicNoisedeck/shapes: max=0 mean=0.0000 over2=0 rust=0.286s js=0.186s
[19/205] classicNoisedeck/shapes3d: max=0 mean=0.0000 over2=0 rust=0.406s js=0.199s
[20/205] classicNoisedeck/splat: max=0 mean=0.0000 over2=0 rust=0.346s js=0.195s
[21/205] filter/adjust: max=0 mean=0.0000 over2=0 rust=0.253s js=0.183s
[22/205] filter/bloom: max=0 mean=0.0000 over2=0 rust=0.277s js=0.188s
[23/205] filter/blur: max=0 mean=0.0000 over2=0 rust=0.250s js=0.200s
[24/205] filter/bulge: max=0 mean=0.0000 over2=0 rust=0.260s js=0.226s
[25/205] filter/celShading: max=0 mean=0.0000 over2=0 rust=0.283s js=0.201s
[26/205] filter/channel: max=0 mean=0.0000 over2=0 rust=0.250s js=0.188s
[27/205] filter/chroma: max=0 mean=0.0000 over2=0 rust=0.255s js=0.184s
[28/205] filter/chromaticAberration: max=0 mean=0.0000 over2=0 rust=0.250s js=0.187s
[29/205] filter/chrome: max=0 mean=0.0000 over2=0 rust=0.276s js=0.191s
[30/205] filter/clouds: max=0 mean=0.0000 over2=0 rust=0.318s js=0.200s
[31/205] filter/colorReplace: max=0 mean=0.0000 over2=0 rust=0.247s js=0.196s
[32/205] filter/convolutionFeedback: max=0 mean=0.0000 over2=0 rust=0.500s js=0.244s
[33/205] filter/corrupt: max=0 mean=0.0000 over2=0 rust=0.271s js=0.191s
[34/205] filter/craquelure: max=0 mean=0.0000 over2=0 rust=0.328s js=0.221s
[35/205] filter/crt: max=0 mean=0.0000 over2=0 rust=0.413s js=0.220s
[36/205] filter/degauss: max=0 mean=0.0000 over2=0 rust=0.362s js=0.213s
[37/205] filter/deriv: max=0 mean=0.0000 over2=0 rust=0.245s js=0.190s
[38/205] filter/directionalBlur: max=0 mean=0.0000 over2=0 rust=0.250s js=0.199s
[39/205] filter/dither: max=0 mean=0.0000 over2=0 rust=0.252s js=0.207s
[40/205] filter/edge: max=0 mean=0.0000 over2=0 rust=0.275s js=0.218s
[41/205] filter/emboss: max=0 mean=0.0000 over2=0 rust=0.254s js=0.191s
[42/205] filter/extrude: max=0 mean=0.0000 over2=0 rust=0.265s js=0.194s
[43/205] filter/feedback: max=0 mean=0.0000 over2=0 rust=0.338s js=0.231s
[44/205] filter/fibers: unsupported: the JavaScript CLI exposes Ready one-shot overlay generation but no Initial one-shot flag; the Rust parity CLI path intentionally uses Initial semantics
[45/205] filter/flipMirror: max=0 mean=0.0000 over2=0 rust=0.250s js=0.187s
[46/205] filter/fxaa: max=0 mean=0.0000 over2=0 rust=0.262s js=0.187s
[47/205] filter/glowingEdge: max=0 mean=0.0000 over2=0 rust=0.274s js=0.201s
[48/205] filter/glyphMap: max=0 mean=0.0000 over2=0 rust=0.257s js=0.230s
[49/205] filter/grade: max=0 mean=0.0000 over2=0 rust=0.275s js=0.202s
[50/205] filter/grain: max=0 mean=0.0000 over2=0 rust=0.565s js=0.212s
[51/205] filter/grime: max=0 mean=0.0000 over2=0 rust=1.107s js=0.247s
[52/205] filter/halftone: max=0 mean=0.0000 over2=0 rust=0.335s js=0.207s
[53/205] filter/hatch: max=0 mean=0.0000 over2=0 rust=0.257s js=0.195s
[54/205] filter/highPass: max=0 mean=0.0000 over2=0 rust=0.259s js=0.237s
[55/205] filter/historicPalette: max=0 mean=0.0000 over2=0 rust=0.272s js=0.211s
[56/205] filter/invert: max=0 mean=0.0000 over2=0 rust=0.265s js=0.207s
[57/205] filter/lens: max=0 mean=0.0000 over2=0 rust=0.297s js=0.303s
[58/205] filter/lensFlare: max=0 mean=0.0000 over2=0 rust=0.272s js=0.207s
[59/205] filter/lensWarp: max=0 mean=0.0000 over2=0 rust=0.345s js=0.210s
[60/205] filter/lightLeak: max=0 mean=0.0000 over2=0 rust=0.321s js=0.219s
[61/205] filter/lighting: max=0 mean=0.0000 over2=0 rust=0.283s js=0.214s
[62/205] filter/lowPoly: max=0 mean=0.0000 over2=0 rust=0.344s js=0.238s
[63/205] filter/median: max=0 mean=0.0000 over2=0 rust=0.401s js=0.201s
[64/205] filter/morphology: max=0 mean=0.0000 over2=0 rust=0.290s js=0.210s
[65/205] filter/mosaicTiles: max=0 mean=0.0000 over2=0 rust=0.310s js=0.205s
[66/205] filter/motionBlur: max=0 mean=0.0000 over2=0 rust=0.274s js=0.196s
[67/205] filter/normalMap: max=0 mean=0.0000 over2=0 rust=0.291s js=0.204s
[68/205] filter/normalize: max=0 mean=0.0000 over2=0 rust=0.277s js=0.185s
[69/205] filter/octaveWarp: max=0 mean=0.0000 over2=0 rust=0.284s js=0.207s
[70/205] filter/oilPaint: max=0 mean=0.0000 over2=0 rust=0.341s js=0.232s
[71/205] filter/osd: max=0 mean=0.0000 over2=0 rust=0.258s js=0.194s
[72/205] filter/outline: max=0 mean=0.0000 over2=0 rust=0.270s js=0.193s
[73/205] filter/palette: max=0 mean=0.0000 over2=0 rust=0.254s js=0.197s
[74/205] filter/parallax: max=0 mean=0.0000 over2=0 rust=0.262s js=0.213s
[75/205] filter/patchwork: max=0 mean=0.0000 over2=0 rust=0.276s js=0.199s
[76/205] filter/photocopy: max=0 mean=0.0000 over2=0 rust=0.261s js=0.213s
[77/205] filter/pinch: max=0 mean=0.0000 over2=0 rust=0.282s js=0.198s
[78/205] filter/pixelSort: max=0 mean=0.0000 over2=0 rust=0.317s js=0.197s
[79/205] filter/pixels: max=0 mean=0.0000 over2=0 rust=0.258s js=0.194s
[80/205] filter/plasticWrap: max=0 mean=0.0000 over2=0 rust=0.272s js=0.203s
[81/205] filter/polar: max=0 mean=0.0000 over2=0 rust=0.272s js=0.189s
[82/205] filter/pondRipples: max=0 mean=0.0000 over2=0 rust=0.269s js=0.232s
[83/205] filter/posterize: max=0 mean=0.0000 over2=0 rust=0.321s js=0.299s
[84/205] filter/prismaticAberration: max=0 mean=0.0000 over2=0 rust=0.337s js=0.228s
[85/205] filter/reindex: max=0 mean=0.0000 over2=0 rust=0.289s js=0.180s
[86/205] filter/relief: max=0 mean=0.0000 over2=0 rust=0.239s js=0.193s
[87/205] filter/repeat: max=0 mean=0.0000 over2=0 rust=0.250s js=0.197s
[88/205] filter/reverb: max=0 mean=0.0000 over2=0 rust=0.255s js=0.192s
[89/205] filter/ridge: max=0 mean=0.0000 over2=0 rust=0.259s js=0.203s
[90/205] filter/rotate: max=0 mean=0.0000 over2=0 rust=0.247s js=0.190s
[91/205] filter/scale: max=0 mean=0.0000 over2=0 rust=0.250s js=0.201s
[92/205] filter/scanlineError: max=0 mean=0.0000 over2=0 rust=0.370s js=0.200s
[93/205] filter/scatter: max=0 mean=0.0000 over2=0 rust=0.273s js=0.213s
[94/205] filter/scratches: unsupported: the JavaScript CLI exposes Ready one-shot overlay generation but no Initial one-shot flag; the Rust parity CLI path intentionally uses Initial semantics
[95/205] filter/scroll: max=0 mean=0.0000 over2=0 rust=0.294s js=0.213s
[96/205] filter/seamless: max=0 mean=0.0000 over2=0 rust=0.263s js=0.204s
[97/205] filter/sharpen: max=0 mean=0.0000 over2=0 rust=0.265s js=0.224s
[98/205] filter/simpleAberration: max=0 mean=0.0000 over2=0 rust=0.307s js=0.209s
[99/205] filter/sine: max=0 mean=0.0000 over2=0 rust=0.267s js=0.187s
[100/205] filter/skew: max=0 mean=0.0000 over2=0 rust=0.301s js=0.224s
[101/205] filter/smooth: max=0 mean=0.0000 over2=0 rust=0.261s js=0.195s
[102/205] filter/smoothstep: max=0 mean=0.0000 over2=0 rust=0.257s js=0.204s
[103/205] filter/snow: max=0 mean=0.0000 over2=0 rust=0.275s js=0.210s
[104/205] filter/sobel: max=0 mean=0.0000 over2=0 rust=0.264s js=0.197s
[105/205] filter/spatter: max=0 mean=0.0000 over2=0 rust=0.537s js=0.238s
[106/205] filter/spinBlur: max=0 mean=0.0000 over2=0 rust=0.287s js=0.226s
[107/205] filter/spiral: max=0 mean=0.0000 over2=0 rust=0.323s js=0.206s
[108/205] filter/spookyTicker: max=0 mean=0.0000 over2=0 rust=0.270s js=0.225s
[109/205] filter/stamp: max=0 mean=0.0000 over2=0 rust=0.298s js=0.204s
[110/205] filter/step: max=0 mean=0.0000 over2=0 rust=0.261s js=0.219s
[111/205] filter/stipple: max=0 mean=0.0000 over2=0 rust=0.337s js=0.230s
[112/205] filter/strayHair: unsupported: the JavaScript CLI exposes Ready one-shot overlay generation but no Initial one-shot flag; the Rust parity CLI path intentionally uses Initial semantics
[113/205] filter/strokes: max=0 mean=0.0000 over2=0 rust=0.461s js=0.237s
[114/205] filter/temporalAberration: max=0 mean=0.0000 over2=0 rust=0.295s js=0.210s
[115/205] filter/tetraColorArray: max=0 mean=0.0000 over2=0 rust=0.270s js=0.194s
[116/205] filter/tetraCosine: max=0 mean=0.0000 over2=0 rust=0.256s js=0.201s
[117/205] filter/text: max=0 mean=0.0000 over2=0 rust=0.264s js=0.208s
[118/205] filter/texture: max=0 mean=0.0000 over2=0 rust=0.429s js=0.210s
[119/205] filter/threshold: max=0 mean=0.0000 over2=0 rust=0.254s js=0.191s
[120/205] filter/tile: max=0 mean=0.0000 over2=0 rust=0.249s js=0.194s
[121/205] filter/tint: max=0 mean=0.0000 over2=0 rust=0.260s js=0.189s
[122/205] filter/translate: max=0 mean=0.0000 over2=0 rust=0.250s js=0.193s
[123/205] filter/tunnel: max=0 mean=0.0000 over2=0 rust=0.285s js=0.196s
[124/205] filter/unsharpMask: max=0 mean=0.0000 over2=0 rust=0.257s js=0.192s
[125/205] filter/vaseline: max=0 mean=0.0000 over2=0 rust=0.275s js=0.220s
[126/205] filter/vignette: max=0 mean=0.0000 over2=0 rust=0.262s js=0.189s
[127/205] filter/warp: max=0 mean=0.0000 over2=0 rust=0.315s js=0.247s
[128/205] filter/watercolor: max=0 mean=0.0000 over2=0 rust=0.305s js=0.242s
[129/205] filter/waves: max=0 mean=0.0000 over2=0 rust=0.359s js=0.234s
[130/205] filter/wind: max=0 mean=0.0000 over2=0 rust=0.337s js=0.224s
[131/205] filter/wobble: max=0 mean=0.0000 over2=0 rust=0.300s js=0.195s
[132/205] filter/wormhole: max=0 mean=0.0000 over2=0 rust=0.443s js=0.259s
[133/205] filter/zoomBlur: max=0 mean=0.0000 over2=0 rust=0.277s js=0.222s
[134/205] filter3d/flow3d: max=0 mean=0.0000 over2=0 rust=67.611s js=0.812s
[135/205] filter3d/palette3d: max=0 mean=0.0000 over2=0 rust=0.343s js=0.205s
[136/205] mixer/alphaMask: max=0 mean=0.0000 over2=0 rust=0.238s js=0.183s
[137/205] mixer/applyMode: max=0 mean=0.0000 over2=0 rust=0.264s js=0.177s
[138/205] mixer/blendMode: max=0 mean=0.0000 over2=0 rust=0.229s js=0.183s
[139/205] mixer/cellSplit: max=0 mean=0.0000 over2=0 rust=0.346s js=0.205s
[140/205] mixer/centerMask: max=0 mean=0.0000 over2=0 rust=0.244s js=0.217s
[141/205] mixer/channelCombine: max=0 mean=0.0000 over2=0 rust=0.245s js=0.182s
[142/205] mixer/distortion: max=0 mean=0.0000 over2=0 rust=0.309s js=0.210s
[143/205] mixer/focusBlur: max=0 mean=0.0000 over2=0 rust=0.268s js=0.200s
[144/205] mixer/mashup: max=0 mean=0.0000 over2=0 rust=0.252s js=0.210s
[145/205] mixer/patternMix: max=0 mean=0.0000 over2=0 rust=0.241s js=0.195s
[146/205] mixer/shadow: max=0 mean=0.0000 over2=0 rust=0.349s js=0.208s
[147/205] mixer/shapeMask: max=0 mean=0.0000 over2=0 rust=0.277s js=0.197s
[148/205] mixer/split: max=0 mean=0.0000 over2=0 rust=0.251s js=0.196s
[149/205] mixer/thresholdMix: max=0 mean=0.0000 over2=0 rust=0.254s js=0.220s
[150/205] mixer/uvRemap: max=0 mean=0.0000 over2=0 rust=0.295s js=0.221s
[151/205] points/attractor: max=0 mean=0.0000 over2=0 rust=2.694s js=0.291s
[152/205] points/buddhabrot: max=0 mean=0.0000 over2=0 rust=4.264s js=0.285s
[153/205] points/dla: max=0 mean=0.0000 over2=0 rust=5.091s js=0.405s
[154/205] points/flock: max=0 mean=0.0000 over2=0 rust=25.064s js=1.012s
[155/205] points/flow: max=0 mean=0.0000 over2=0 rust=3.561s js=0.381s
[156/205] points/heightGrid: max=0 mean=0.0000 over2=0 rust=1.944s js=0.345s
[157/205] points/hydraulic: max=0 mean=0.0000 over2=0 rust=7.310s js=0.418s
[158/205] points/lenia: max=0 mean=0.0000 over2=0 rust=3.128s js=0.331s
[159/205] points/life: max=0 mean=0.0000 over2=0 rust=26.251s js=1.006s
[160/205] points/physarum: max=0 mean=0.0000 over2=0 rust=3.342s js=0.400s
[161/205] points/physical: max=0 mean=0.0000 over2=0 rust=3.844s js=0.332s
[162/205] render/loopBegin: max=0 mean=0.0000 over2=0 rust=0.245s js=0.252s
[163/205] render/loopEnd: max=0 mean=0.0000 over2=0 rust=0.289s js=0.226s
[164/205] render/pointsBillboardRender: max=0 mean=0.0000 over2=0 rust=1.556s js=0.347s
[165/205] render/pointsEmit: max=0 mean=0.0000 over2=0 rust=1.495s js=0.258s
[166/205] render/pointsRender: max=0 mean=0.0000 over2=0 rust=1.493s js=0.248s
[167/205] render/render3d: max=0 mean=0.0000 over2=0 rust=0.326s js=0.217s
[168/205] render/renderCubemap3d: max=0 mean=0.0000 over2=0 rust=0.344s js=0.196s
[169/205] render/renderCubemapSurface: max=0 mean=0.0000 over2=0 rust=1.480s js=0.293s
[170/205] render/renderLandscape3d: max=0 mean=0.0000 over2=0 rust=0.332s js=0.214s
[171/205] render/renderLit3d: max=0 mean=0.0000 over2=0 rust=0.329s js=0.213s
[172/205] synth/bitwise: max=0 mean=0.0000 over2=0 rust=0.271s js=0.205s
[173/205] synth/cell: max=0 mean=0.0000 over2=0 rust=0.424s js=0.236s
[174/205] synth/cellularAutomata: max=0 mean=0.0000 over2=0 rust=0.279s js=0.212s
[175/205] synth/curl: max=0 mean=0.0000 over2=0 rust=0.340s js=0.241s
[176/205] synth/gabor: max=0 mean=0.0000 over2=0 rust=0.373s js=0.226s
[177/205] synth/gradient: max=0 mean=0.0000 over2=0 rust=0.307s js=0.230s
[178/205] synth/julia: max=0 mean=0.0000 over2=0 rust=0.288s js=0.250s
[179/205] synth/mandala: max=0 mean=0.0000 over2=0 rust=0.299s js=0.259s
[180/205] synth/mandelbrot: max=0 mean=0.0000 over2=0 rust=0.574s js=0.286s
[181/205] synth/media: max=0 mean=0.0000 over2=0 rust=0.310s js=0.232s
[182/205] synth/mnca: max=0 mean=0.0000 over2=0 rust=0.262s js=0.202s
[183/205] synth/modPattern: max=0 mean=0.0000 over2=0 rust=0.268s js=0.245s
[184/205] synth/navierStokes: max=0 mean=0.0000 over2=0 rust=0.515s js=0.293s
[185/205] synth/newton: max=0 mean=0.0000 over2=0 rust=1.096s js=0.250s
[186/205] synth/noise: max=0 mean=0.0000 over2=0 rust=0.321s js=0.237s
[187/205] synth/osc2d: max=0 mean=0.0000 over2=0 rust=0.263s js=0.197s
[188/205] synth/pattern: max=0 mean=0.0000 over2=0 rust=0.268s js=0.224s
[189/205] synth/perlin: max=0 mean=0.0000 over2=0 rust=0.296s js=0.245s
[190/205] synth/polygon: max=0 mean=0.0000 over2=0 rust=0.247s js=0.223s
[191/205] synth/reactionDiffusion: max=0 mean=0.0000 over2=0 rust=0.306s js=0.226s
[192/205] synth/remap: max=0 mean=0.0000 over2=0 rust=0.268s js=0.227s
[193/205] synth/sacredGeometry: max=0 mean=0.0000 over2=0 rust=0.331s js=0.221s
[194/205] synth/shape: max=0 mean=0.0000 over2=0 rust=0.278s js=0.202s
[195/205] synth/solid: max=0 mean=0.0000 over2=0 rust=0.289s js=0.243s
[196/205] synth/subdivide: max=0 mean=0.0000 over2=0 rust=0.298s js=0.219s
[197/205] synth/testPattern: max=0 mean=0.0000 over2=0 rust=0.270s js=0.247s
[198/205] synth3d/cell3d: max=0 mean=0.0000 over2=0 rust=0.316s js=0.259s
[199/205] synth3d/cellularAutomata3d: max=0 mean=0.0000 over2=0 rust=0.292s js=0.244s
[200/205] synth3d/flythrough3d: max=0 mean=0.0000 over2=0 rust=0.282s js=0.235s
[201/205] synth3d/fractal3d: max=0 mean=0.0000 over2=0 rust=0.287s js=0.225s
[202/205] synth3d/heightmap3d: max=0 mean=0.0000 over2=0 rust=0.270s js=0.223s
[203/205] synth3d/noise3d: max=0 mean=0.0000 over2=0 rust=0.336s js=0.246s
[204/205] synth3d/reactionDiffusion3d: max=0 mean=0.0000 over2=0 rust=0.302s js=0.207s
[205/205] synth3d/shape3d: max=0 mean=0.0000 over2=0 rust=0.274s js=0.205s
denominator: catalog=205 compared=202 unsupported=3 errors=0 passed=202 failed=0 byte_exact=202
